2024.5.28-30 learning
——————————————————————————————————
LiXX@LXX MINGW64 /D/Software/GIT/gitdemo (master)
$ git branch
  develop
* master

LiXX@LXX MINGW64 /D/Software/GIT/gitdemo (master)
$ git branch -d develop
Deleted branch develop (was 57a4437).

LiXX@LXX MINGW64 /D/Software/GIT/gitdemo (master)
$ ssh -keygen -t rsa -C "lixinxin1@cug.edu.cn"
Bad escape character 'ygen'.

LiXX@LXX MINGW64 /D/Software/GIT/gitdemo (master)
$ ssh-keygen -t rsa -C "lixinxin1@cug.edu.cn"
Generating public/private rsa key pair.
Enter file in which to save the key (/c/Users/LiXX/.ssh/id_rsa):
Created directory '/c/Users/LiXX/.ssh'.
Enter passphrase (empty for no passphrase):
Enter same passphrase again:
Your identification has been saved in /c/Users/LiXX/.ssh/id_rsa
Your public key has been saved in /c/Users/LiXX/.ssh/id_rsa.pub
The key fingerprint is:
SHA256:w3dqrvb9vo+tfhNap+4DwxytYBjPQIy/5wZf58OJr7o lixinxin1@cug.edu.cn
The key's randomart image is:
+---[RSA 3072]----+
|       +.        |
|      . +        |
|       . *   .   |
|       .o = . .  |
|        So.+.o   |
|        oo.oB .o.|
|         =o. Booo|
|        .o+...B+.|
|       ..+EooO@B+|
+----[SHA256]-----+

LiXX@LXX MINGW64 /D/Software/GIT/gitdemo (master)
$ ssh -T git@github.com
The authenticity of host 'github.com (20.205.243.166)' can't be established.
ED25519 key fingerprint is SHA256:+DiY3wvvV6TuJJhbpZisF/zLDA0zPMSvHdkr4UvCOqU.
This key is not known by any other names.
Are you sure you want to continue connecting (yes/no/[fingerprint])? y
Please type 'yes', 'no' or the fingerprint: yes
Warning: Permanently added 'github.com' (ED25519) to the list of known hosts.
Hi XXLiiiiii! You've successfully authenticated, but GitHub does not provide shell access.

LiXX@LXX MINGW64 /D/Software/GIT/gitdemo (master)
$ git config --global user.name "XXLiiiiii"

LiXX@LXX MINGW64 /D/Software/GIT/gitdemo (master)
$ git remote add origin git@github.com:XXLiiiiii/D:/Software/GIT/gitdemo/.git   
LiXX@LXX MINGW64 /D/Software/GIT/gitdemo (master)
$ cd..
bash: cd..: command not found

LiXX@LXX MINGW64 /D/Software/GIT/gitdemo (master)
$ cd ..

LiXX@LXX MINGW64 /D/Software/GIT
$ mkdir git-test

LiXX@LXX MINGW64 /D/Software/GIT
$ cd git-test/

LiXX@LXX MINGW64 /D/Software/GIT/git-test
$ echo "# Git测试 /n 随便写点" >> README.md

LiXX@LXX MINGW64 /D/Software/GIT/git-test
$ ls
README.md

LiXX@LXX MINGW64 /D/Software/GIT/git-test
$ git init
Initialized empty Git repository in D:/Software/GIT/git-test/.git/

LiXX@LXX MINGW64 /D/Software/GIT/git-test (master)
$ git add README.md
warning: in the working copy of 'README.md', LF will be replaced by CRLF the next time Git touches it

LiXX@LXX MINGW64 /D/Software/GIT/git-test (master)
$ git commit -m "添加readme.md"
[master (root-commit) a30df3d] 添加readme.md
 1 file changed, 1 insertion(+)
 create mode 100644 README.md

LiXX@LXX MINGW64 /D/Software/GIT/git-test (master)
$ git remote add origin git@github.com:XXLiiiiii/git-test.git

LiXX@LXX MINGW64 /D/Software/GIT/git-test (master)
$ git push -u origin master
Enumerating objects: 3, done.
Counting objects: 100% (3/3), done.
Writing objects: 100% (3/3), 253 bytes | 253.00 KiB/s, done.
Total 3 (delta 0), reused 0 (delta 0), pack-reused 0 (from 0)
To github.com:XXLiiiiii/git-test.git
 * [new branch]      master -> master
branch 'master' set up to track 'origin/master'.

LiXX@LXX MINGW64 /D/Software/GIT/git-test (master)
$ git remote
origin

LiXX@LXX MINGW64 /D/Software/GIT/git-test (master)
$ git remote -v
origin  git@github.com:XXLiiiiii/git-test.git (fetch)
origin  git@github.com:XXLiiiiii/git-test.git (push)

LiXX@LXX MINGW64 /D/Software/GIT/git-test (master)
$ git fetch

LiXX@LXX MINGW64 /D/Software/GIT/git-test (master)
$ git merge
Already up to date.

LiXX@LXX MINGW64 /D/Software/GIT/git-test (master)
$ git fetch origin
remote: Enumerating objects: 5, done.
remote: Counting objects: 100% (5/5), done.
remote: Compressing objects: 100% (2/2), done.
remote: Total 3 (delta 0), reused 0 (delta 0), pack-reused 0
Unpacking objects: 100% (3/3), 951 bytes | 95.00 KiB/s, done.
From github.com:XXLiiiiii/git-test
   a30df3d..5c2f8d4  master     -> origin/master

LiXX@LXX MINGW64 /D/Software/GIT/git-test (master)
$ git merge origin/master
Updating a30df3d..5c2f8d4
Fast-forward
 README.md | 4 +++-
 1 file changed, 3 insertions(+), 1 deletion(-)

LiXX@LXX MINGW64 /D/Software/GIT/git-test (master)
$ cat README.md
# Git测试
随便写点，测试看看从远程仓库提取
blabla...

LiXX@LXX MINGW64 /D/Software/GIT/git-test (master)
$ torch try.txt
bash: torch: command not found

LiXX@LXX MINGW64 /D/Software/GIT/git-test (master)
$ touch try.txt

LiXX@LXX MINGW64 /D/Software/GIT/git-test (master)
$ ls
README.md  try.txt

LiXX@LXX MINGW64 /D/Software/GIT/git-test (master)
$ vim try.txt

LiXX@LXX MINGW64 /D/Software/GIT/git-test (master)
$ cat try.txt
尝试将该文档推送到远程仓库上


LiXX@LXX MINGW64 /D/Software/GIT/git-test (master)
$ git add try.txt
warning: in the working copy of 'try.txt', LF will be replaced by CRLF the next time Git touches it

LiXX@LXX MINGW64 /D/Software/GIT/git-test (master)
$ git commit -m "推送到远程"
[master 35166f6] 推送到远程
 1 file changed, 2 insertions(+)
 create mode 100644 try.txt

LiXX@LXX MINGW64 /D/Software/GIT/git-test (master)
$ git push origin master
Enumerating objects: 4, done.
Counting objects: 100% (4/4), done.
Delta compression using up to 16 threads
Compressing objects: 100% (2/2), done.
Writing objects: 100% (3/3), 343 bytes | 343.00 KiB/s, done.
Total 3 (delta 0), reused 0 (delta 0), pack-reused 0 (from 0)
To github.com:XXLiiiiii/git-test.git
   5c2f8d4..35166f6  master -> master

LiXX@LXX MINGW64 /D/Software/GIT/git-test (master)
$ git pull origin
remote: Enumerating objects: 8, done.
remote: Counting objects: 100% (8/8), done.
remote: Compressing objects: 100% (6/6), done.
remote: Total 6 (delta 1), reused 0 (delta 0), pack-reused 0
Unpacking objects: 100% (6/6), 1.86 KiB | 112.00 KiB/s, done.
From github.com:XXLiiiiii/git-test
   35166f6..9954896  master     -> origin/master
Updating 35166f6..9954896
Fast-forward
 README.md | 3 ++-
 1 file changed, 2 insertions(+), 1 deletion(-)

LiXX@LXX MINGW64 /D/Software/GIT/git-test (master)
$ ls
README.md  try.txt

LiXX@LXX MINGW64 /D/Software/GIT/git-test (master)
$ cat README.md
# Git测试
随便写点，测试看看从远程仓库提取
——————————————————
再试试pull

LiXX@LXX MINGW64 /D/Software/GIT/git-test (master)
$
